###############################################################################
#
# IAR ELF Linker V8.40.1.212/W32 for ARM                  18/Jan/2020  13:38:53
# Copyright 2007-2019 IAR Systems AB.
#
#    Output file  =
#        D:\Programmation\STM32\L475E-IOT01A2\Codes\DataDisplay\Sensors\EWARM\Sensors\Exe\Sensors.out
#    Map file     =
#        D:\Programmation\STM32\L475E-IOT01A2\Codes\DataDisplay\Sensors\EWARM\Sensors\List\Sensors.map
#    Command line =
#        -f C:\Users\Mars03\AppData\Local\Temp\EW8CCA.tmp
#        (D:\Programmation\STM32\L475E-IOT01A2\Codes\DataDisplay\Sensors\EWARM\Sensors\Obj\hts221.o
#        D:\Programmation\STM32\L475E-IOT01A2\Codes\DataDisplay\Sensors\EWARM\Sensors\Obj\lis3mdl.o
#        D:\Programmation\STM32\L475E-IOT01A2\Codes\DataDisplay\Sensors\EWARM\Sensors\Obj\lps22hb.o
#        D:\Programmation\STM32\L475E-IOT01A2\Codes\DataDisplay\Sensors\EWARM\Sensors\Obj\lsm6dsl.o
#        D:\Programmation\STM32\L475E-IOT01A2\Codes\DataDisplay\Sensors\EWARM\Sensors\Obj\main.o
#        D:\Programmation\STM32\L475E-IOT01A2\Codes\DataDisplay\Sensors\EWARM\Sensors\Obj\startup_stm32l475xx.o
#        D:\Programmation\STM32\L475E-IOT01A2\Codes\DataDisplay\Sensors\EWARM\Sensors\Obj\stm32l475e_iot01.o
#        D:\Programmation\STM32\L475E-IOT01A2\Codes\DataDisplay\Sensors\EWARM\Sensors\Obj\stm32l475e_iot01_accelero.o
#        D:\Programmation\STM32\L475E-IOT01A2\Codes\DataDisplay\Sensors\EWARM\Sensors\Obj\stm32l475e_iot01_gyro.o
#        D:\Programmation\STM32\L475E-IOT01A2\Codes\DataDisplay\Sensors\EWARM\Sensors\Obj\stm32l475e_iot01_hsensor.o
#        D:\Programmation\STM32\L475E-IOT01A2\Codes\DataDisplay\Sensors\EWARM\Sensors\Obj\stm32l475e_iot01_magneto.o
#        D:\Programmation\STM32\L475E-IOT01A2\Codes\DataDisplay\Sensors\EWARM\Sensors\Obj\stm32l475e_iot01_psensor.o
#        D:\Programmation\STM32\L475E-IOT01A2\Codes\DataDisplay\Sensors\EWARM\Sensors\Obj\stm32l475e_iot01_tsensor.o
#        D:\Programmation\STM32\L475E-IOT01A2\Codes\DataDisplay\Sensors\EWARM\Sensors\Obj\stm32l4xx_hal.o
#        D:\Programmation\STM32\L475E-IOT01A2\Codes\DataDisplay\Sensors\EWARM\Sensors\Obj\stm32l4xx_hal_cortex.o
#        D:\Programmation\STM32\L475E-IOT01A2\Codes\DataDisplay\Sensors\EWARM\Sensors\Obj\stm32l4xx_hal_dfsdm.o
#        D:\Programmation\STM32\L475E-IOT01A2\Codes\DataDisplay\Sensors\EWARM\Sensors\Obj\stm32l4xx_hal_dma.o
#        D:\Programmation\STM32\L475E-IOT01A2\Codes\DataDisplay\Sensors\EWARM\Sensors\Obj\stm32l4xx_hal_dma_ex.o
#        D:\Programmation\STM32\L475E-IOT01A2\Codes\DataDisplay\Sensors\EWARM\Sensors\Obj\stm32l4xx_hal_exti.o
#        D:\Programmation\STM32\L475E-IOT01A2\Codes\DataDisplay\Sensors\EWARM\Sensors\Obj\stm32l4xx_hal_flash.o
#        D:\Programmation\STM32\L475E-IOT01A2\Codes\DataDisplay\Sensors\EWARM\Sensors\Obj\stm32l4xx_hal_flash_ex.o
#        D:\Programmation\STM32\L475E-IOT01A2\Codes\DataDisplay\Sensors\EWARM\Sensors\Obj\stm32l4xx_hal_flash_ramfunc.o
#        D:\Programmation\STM32\L475E-IOT01A2\Codes\DataDisplay\Sensors\EWARM\Sensors\Obj\stm32l4xx_hal_gpio.o
#        D:\Programmation\STM32\L475E-IOT01A2\Codes\DataDisplay\Sensors\EWARM\Sensors\Obj\stm32l4xx_hal_i2c.o
#        D:\Programmation\STM32\L475E-IOT01A2\Codes\DataDisplay\Sensors\EWARM\Sensors\Obj\stm32l4xx_hal_i2c_ex.o
#        D:\Programmation\STM32\L475E-IOT01A2\Codes\DataDisplay\Sensors\EWARM\Sensors\Obj\stm32l4xx_hal_msp.o
#        D:\Programmation\STM32\L475E-IOT01A2\Codes\DataDisplay\Sensors\EWARM\Sensors\Obj\stm32l4xx_hal_pcd.o
#        D:\Programmation\STM32\L475E-IOT01A2\Codes\DataDisplay\Sensors\EWARM\Sensors\Obj\stm32l4xx_hal_pcd_ex.o
#        D:\Programmation\STM32\L475E-IOT01A2\Codes\DataDisplay\Sensors\EWARM\Sensors\Obj\stm32l4xx_hal_pwr.o
#        D:\Programmation\STM32\L475E-IOT01A2\Codes\DataDisplay\Sensors\EWARM\Sensors\Obj\stm32l4xx_hal_pwr_ex.o
#        D:\Programmation\STM32\L475E-IOT01A2\Codes\DataDisplay\Sensors\EWARM\Sensors\Obj\stm32l4xx_hal_qspi.o
#        D:\Programmation\STM32\L475E-IOT01A2\Codes\DataDisplay\Sensors\EWARM\Sensors\Obj\stm32l4xx_hal_rcc.o
#        D:\Programmation\STM32\L475E-IOT01A2\Codes\DataDisplay\Sensors\EWARM\Sensors\Obj\stm32l4xx_hal_rcc_ex.o
#        D:\Programmation\STM32\L475E-IOT01A2\Codes\DataDisplay\Sensors\EWARM\Sensors\Obj\stm32l4xx_hal_spi.o
#        D:\Programmation\STM32\L475E-IOT01A2\Codes\DataDisplay\Sensors\EWARM\Sensors\Obj\stm32l4xx_hal_spi_ex.o
#        D:\Programmation\STM32\L475E-IOT01A2\Codes\DataDisplay\Sensors\EWARM\Sensors\Obj\stm32l4xx_hal_tim.o
#        D:\Programmation\STM32\L475E-IOT01A2\Codes\DataDisplay\Sensors\EWARM\Sensors\Obj\stm32l4xx_hal_tim_ex.o
#        D:\Programmation\STM32\L475E-IOT01A2\Codes\DataDisplay\Sensors\EWARM\Sensors\Obj\stm32l4xx_hal_uart.o
#        D:\Programmation\STM32\L475E-IOT01A2\Codes\DataDisplay\Sensors\EWARM\Sensors\Obj\stm32l4xx_hal_uart_ex.o
#        D:\Programmation\STM32\L475E-IOT01A2\Codes\DataDisplay\Sensors\EWARM\Sensors\Obj\stm32l4xx_it.o
#        D:\Programmation\STM32\L475E-IOT01A2\Codes\DataDisplay\Sensors\EWARM\Sensors\Obj\stm32l4xx_ll_usb.o
#        D:\Programmation\STM32\L475E-IOT01A2\Codes\DataDisplay\Sensors\EWARM\Sensors\Obj\system_stm32l4xx.o
#        --redirect _Printf=_PrintfFull --redirect _Scanf=_ScanfFull
#        --no_out_extension -o
#        D:\Programmation\STM32\L475E-IOT01A2\Codes\DataDisplay\Sensors\EWARM\Sensors\Exe\Sensors.out
#        --map
#        D:\Programmation\STM32\L475E-IOT01A2\Codes\DataDisplay\Sensors\EWARM\Sensors\List\Sensors.map
#        --config
#        D:\Programmation\STM32\L475E-IOT01A2\Codes\DataDisplay\Sensors\EWARM/stm32l475xx_flash.icf
#        --semihosting --entry __iar_program_start --vfe --text_out locale)
#
###############################################################################

*******************************************************************************
*** RUNTIME MODEL ATTRIBUTES
***

CppFlavor       = *
__SystemLibrary = DLib
__dlib_version  = 6


*******************************************************************************
*** HEAP SELECTION
***

The basic heap was selected because no calls to memory allocation
functions were found in the application outside of system library
functions, and there are calls to deallocation functions in the
application.


*******************************************************************************
*** PLACEMENT SUMMARY
***

"A0":  place at address 0x800'0000 { ro section .intvec };
"P1":  place in [from 0x800'0000 to 0x80f'ffff] { ro };
define block CSTACK with size = 1K, alignment = 8 { };
define block HEAP with size = 512, alignment = 8 { };
"P2":  place in [from 0x2000'0000 to 0x2001'7fff] {
          rw, block CSTACK, block HEAP };
"P3":  place in [from 0x2000'0000 to 0x2001'7fff] { };
initialize by copy { rw };

  Section            Kind         Address    Size  Object
  -------            ----         -------    ----  ------
"A0":                                       0x188
  .intvec            ro code   0x800'0000   0x188  startup_stm32l475xx.o [1]
                             - 0x800'0188   0x188

"P1":                                      0x5c91
  .text              ro code   0x800'0188  0x10c6  xprintffull.o [2]
  .text              ro code   0x800'124e    0x3a  zero_init3.o [4]
  .text              ro code   0x800'1288    0x7c  xlocale_c.o [2]
  .text              ro code   0x800'1304    0x16  strchr.o [4]
  .text              ro code   0x800'131a    0x1e  xencoding_8859_1.o [2]
  .text              ro code   0x800'1338    0x40  xfail_s.o [2]
  .text              ro code   0x800'1378    0x36  strlen.o [4]
  .rodata            const     0x800'13ae     0x2  xlocale_c.o [2]
  .text              ro code   0x800'13b0    0x58  memchr.o [4]
  .text              ro code   0x800'1408    0x18  ABImemcpy_small.o [4]
  .text              ro code   0x800'1420    0x70  frexp.o [3]
  .text              ro code   0x800'1490    0x2e  DblCmpLe.o [3]
  .rodata            const     0x800'14be     0x2  xlocale_c.o [2]
  .text              ro code   0x800'14c0    0x2e  DblCmpGe.o [3]
  .rodata            const     0x800'14ee     0x1  xlocale_c.o [2]
  .text              ro code   0x800'14f0   0x13a  ldexp.o [3]
  .text              ro code   0x800'162c    0x3a  DblToS32.o [3]
  .text              ro code   0x800'1668    0x22  S32ToDbl.o [3]
  .text              ro code   0x800'168c    0xe2  DblSub.o [3]
  .text              ro code   0x800'1770   0x246  DblDiv.o [3]
  .text              ro code   0x800'19b8    0x28  DblToU32.o [3]
  .text              ro code   0x800'19e0    0x1a  U32ToDbl.o [3]
  .text              ro code   0x800'19fc   0x1a2  DblMul.o [3]
  .text              ro code   0x800'1b9e     0xa  xmbcurmax.o [2]
  .text              ro code   0x800'1ba8   0x106  I64DivMod_small.o [4]
  .text              ro code   0x800'1cae     0x6  abort.o [2]
  .text              ro code   0x800'1cb4   0x16a  DblAdd.o [3]
  .text              ro code   0x800'1e20     0x2  I64DivZer.o [4]
  .text              ro code   0x800'1e24    0x14  exit.o [5]
  .text              ro code   0x800'1e38   0x6ec  stm32l4xx_hal_rcc.o [1]
  .text              ro code   0x800'2524    0x44  stm32l4xx_hal.o [1]
  .text              ro code   0x800'2568     0xc  stm32l4xx_hal.o [1]
  .text              ro code   0x800'2574    0x98  stm32l4xx_hal_pwr_ex.o [1]
  .text              ro code   0x800'260c    0xc4  stm32l4xx_hal_cortex.o [1]
  .text              ro code   0x800'26d0   0x674  main.o [1]
  .text              ro code   0x800'2d44    0x1e  stm32l4xx_hal.o [1]
  .text              ro code   0x800'2d64     0x6  ABImemclr4.o [4]
  .text              ro code   0x800'2d6c   0x30a  stm32l4xx_hal_gpio.o [1]
  .text              ro code   0x800'3078   0x154  stm32l4xx_hal_dfsdm.o [1]
  .text              ro code   0x800'31cc   0x590  stm32l4xx_hal_i2c.o [1]
  .text              ro code   0x800'375c    0x7e  stm32l4xx_hal_i2c_ex.o [1]
  .text              ro code   0x800'37dc    0xf6  stm32l4xx_hal_qspi.o [1]
  .text              ro code   0x800'38d4    0xae  stm32l4xx_hal_spi.o [1]
  .text              ro code   0x800'3984    0xdc  stm32l4xx_hal_pcd.o [1]
  .text              ro code   0x800'3a60   0x614  stm32l4xx_hal_tim.o [1]
  .text              ro code   0x800'4074    0xe4  stm32l4xx_hal_tim_ex.o [1]
  .text              ro code   0x800'4158    0x34  stm32l475e_iot01_hsensor.o [1]
  .text              ro code   0x800'418c    0x34  stm32l475e_iot01_psensor.o [1]
  .text              ro code   0x800'41c0    0x2c  stm32l475e_iot01_tsensor.o [1]
  .text              ro code   0x800'41ec    0x38  stm32l475e_iot01_gyro.o [1]
  .text              ro code   0x800'4224    0x3c  stm32l475e_iot01_accelero.o [1]
  .text              ro code   0x800'4260    0x48  FltToDbl.o [3]
  .text              ro code   0x800'42a8    0x28  printf.o [2]
  .text              ro code   0x800'42d0    0x28  stm32l4xx_hal.o [1]
  .text              ro code   0x800'42f8   0x59a  stm32l4xx_hal_uart.o [1]
  .text              ro code   0x800'4894    0x10  stm32l4xx_hal_pwr.o [1]
  .text              ro code   0x800'48a4   0x550  stm32l4xx_hal_rcc_ex.o [1]
  .text              ro code   0x800'4df4   0x33c  stm32l4xx_hal_msp.o [1]
  .text              ro code   0x800'5130    0x32  ABImemset48.o [4]
  .text              ro code   0x800'5164   0x278  stm32l4xx_ll_usb.o [1]
  .text              ro code   0x800'53dc    0x26  stm32l4xx_hal_pcd_ex.o [1]
  .text              ro code   0x800'5402     0x2  stm32l4xx_hal_tim.o [1]
  .text              ro code   0x800'5404     0x2  stm32l4xx_hal_tim.o [1]
  .text              ro code   0x800'5406     0x2  stm32l4xx_hal_tim.o [1]
  .text              ro code   0x800'5408     0x2  stm32l4xx_hal_tim.o [1]
  .text              ro code   0x800'540a     0x2  stm32l4xx_hal_tim_ex.o [1]
  .text              ro code   0x800'540c     0x2  stm32l4xx_hal_tim_ex.o [1]
  .text              ro code   0x800'540e     0x2  stm32l4xx_hal_tim.o [1]
  .text              ro code   0x800'5410     0x2  stm32l4xx_hal_tim_ex.o [1]
  .text              ro code   0x800'5412     0x2  stm32l4xx_hal_tim.o [1]
  .text              ro code   0x800'5414   0x16c  stm32l475e_iot01.o [1]
  .text              ro code   0x800'5580   0x1f0  lsm6dsl.o [1]
  .text              ro code   0x800'5770   0x1c8  hts221.o [1]
  .text              ro code   0x800'5938    0xa8  lps22hb.o [1]
  .text              ro code   0x800'59e0    0x78  lz77_init_single.o [4]
  .text              ro code   0x800'5a58    0x6e  stm32l4xx_it.o [1]
  .text              ro code   0x800'5ac8    0x10  stm32l4xx_hal.o [1]
  .text              ro code   0x800'5ad8    0x5c  system_stm32l4xx.o [1]
  .rodata            const     0x800'5b34    0x30  system_stm32l4xx.o [1]
  .text              ro code   0x800'5b64    0x28  data_init.o [4]
  .text              ro code   0x800'5b8c    0x22  fpinit_M.o [3]
  .iar.init_table    const     0x800'5bb0    0x20  - Linker created -
  .text              ro code   0x800'5bd0    0x1e  cmain.o [4]
  .text              ro code   0x800'5bee     0x4  low_level_init.o [2]
  .text              ro code   0x800'5bf2     0x4  exit.o [2]
  .text              ro code   0x800'5bf8     0xa  cexit.o [4]
  .text              ro code   0x800'5c02    0x16  xprout.o [2]
  .text              ro code   0x800'5c18     0xc  putchar.o [2]
  .text              ro code   0x800'5c24    0x10  startup_stm32l475xx.o [1]
  .text              ro code   0x800'5c34     0xc  cstartup_M.o [4]
  .rodata            const     0x800'5c40     0x8  system_stm32l4xx.o [1]
  .text              ro code   0x800'5c48     0x4  startup_stm32l475xx.o [1]
  .text              ro code   0x800'5c4c     0x4  startup_stm32l475xx.o [1]
  .text              ro code   0x800'5c50     0x4  startup_stm32l475xx.o [1]
  .text              ro code   0x800'5c54     0x4  startup_stm32l475xx.o [1]
  .text              ro code   0x800'5c58     0x4  startup_stm32l475xx.o [1]
  .text              ro code   0x800'5c5c     0x4  startup_stm32l475xx.o [1]
  .text              ro code   0x800'5c60     0x4  startup_stm32l475xx.o [1]
  .text              ro code   0x800'5c64     0x4  startup_stm32l475xx.o [1]
  .text              ro code   0x800'5c68     0x4  startup_stm32l475xx.o [1]
  .text              ro code   0x800'5c6c     0x4  startup_stm32l475xx.o [1]
  .text              ro code   0x800'5c70     0x4  startup_stm32l475xx.o [1]
  .text              ro code   0x800'5c74     0x4  startup_stm32l475xx.o [1]
  .text              ro code   0x800'5c78     0x4  startup_stm32l475xx.o [1]
  .text              ro code   0x800'5c7c     0x4  startup_stm32l475xx.o [1]
  .text              ro code   0x800'5c80     0x4  startup_stm32l475xx.o [1]
  .text              ro code   0x800'5c84     0x4  startup_stm32l475xx.o [1]
  .text              ro code   0x800'5c88     0x4  startup_stm32l475xx.o [1]
  .text              ro code   0x800'5c8c     0x4  startup_stm32l475xx.o [1]
  .text              ro code   0x800'5c90     0x4  startup_stm32l475xx.o [1]
  .text              ro code   0x800'5c94     0x4  startup_stm32l475xx.o [1]
  .text              ro code   0x800'5c98     0x4  startup_stm32l475xx.o [1]
  .text              ro code   0x800'5c9c     0x4  startup_stm32l475xx.o [1]
  .text              ro code   0x800'5ca0     0x4  startup_stm32l475xx.o [1]
  .text              ro code   0x800'5ca4     0x4  startup_stm32l475xx.o [1]
  .text              ro code   0x800'5ca8     0x4  startup_stm32l475xx.o [1]
  .text              ro code   0x800'5cac     0x4  startup_stm32l475xx.o [1]
  .text              ro code   0x800'5cb0     0x4  startup_stm32l475xx.o [1]
  .text              ro code   0x800'5cb4     0x4  startup_stm32l475xx.o [1]
  .text              ro code   0x800'5cb8     0x4  startup_stm32l475xx.o [1]
  .text              ro code   0x800'5cbc     0x4  startup_stm32l475xx.o [1]
  .text              ro code   0x800'5cc0     0x4  startup_stm32l475xx.o [1]
  .text              ro code   0x800'5cc4     0x4  startup_stm32l475xx.o [1]
  .text              ro code   0x800'5cc8     0x4  startup_stm32l475xx.o [1]
  .text              ro code   0x800'5ccc     0x4  startup_stm32l475xx.o [1]
  .text              ro code   0x800'5cd0     0x4  startup_stm32l475xx.o [1]
  .text              ro code   0x800'5cd4     0x4  startup_stm32l475xx.o [1]
  .text              ro code   0x800'5cd8     0x4  startup_stm32l475xx.o [1]
  .text              ro code   0x800'5cdc     0x4  startup_stm32l475xx.o [1]
  .text              ro code   0x800'5ce0     0x4  startup_stm32l475xx.o [1]
  .text              ro code   0x800'5ce4     0x4  startup_stm32l475xx.o [1]
  .text              ro code   0x800'5ce8     0x4  startup_stm32l475xx.o [1]
  .text              ro code   0x800'5cec     0x4  startup_stm32l475xx.o [1]
  .text              ro code   0x800'5cf0     0x4  startup_stm32l475xx.o [1]
  .text              ro code   0x800'5cf4     0x4  startup_stm32l475xx.o [1]
  .text              ro code   0x800'5cf8     0x4  startup_stm32l475xx.o [1]
  .text              ro code   0x800'5cfc     0x4  startup_stm32l475xx.o [1]
  .text              ro code   0x800'5d00     0x4  startup_stm32l475xx.o [1]
  .text              ro code   0x800'5d04     0x4  startup_stm32l475xx.o [1]
  .text              ro code   0x800'5d08     0x4  startup_stm32l475xx.o [1]
  .text              ro code   0x800'5d0c     0x4  startup_stm32l475xx.o [1]
  .text              ro code   0x800'5d10     0x4  startup_stm32l475xx.o [1]
  .text              ro code   0x800'5d14     0x4  startup_stm32l475xx.o [1]
  .text              ro code   0x800'5d18     0x4  startup_stm32l475xx.o [1]
  .text              ro code   0x800'5d1c     0x4  startup_stm32l475xx.o [1]
  .text              ro code   0x800'5d20     0x4  startup_stm32l475xx.o [1]
  .text              ro code   0x800'5d24     0x4  startup_stm32l475xx.o [1]
  .text              ro code   0x800'5d28     0x4  startup_stm32l475xx.o [1]
  .text              ro code   0x800'5d2c     0x4  startup_stm32l475xx.o [1]
  .text              ro code   0x800'5d30     0x4  startup_stm32l475xx.o [1]
  .text              ro code   0x800'5d34     0x4  startup_stm32l475xx.o [1]
  .text              ro code   0x800'5d38     0x4  startup_stm32l475xx.o [1]
  .text              ro code   0x800'5d3c     0x4  startup_stm32l475xx.o [1]
  .text              ro code   0x800'5d40     0x4  startup_stm32l475xx.o [1]
  .text              ro code   0x800'5d44     0x4  startup_stm32l475xx.o [1]
  .text              ro code   0x800'5d48     0x4  startup_stm32l475xx.o [1]
  .text              ro code   0x800'5d4c     0x4  startup_stm32l475xx.o [1]
  .text              ro code   0x800'5d50     0x4  startup_stm32l475xx.o [1]
  .text              ro code   0x800'5d54     0x4  startup_stm32l475xx.o [1]
  .text              ro code   0x800'5d58     0x4  startup_stm32l475xx.o [1]
  .text              ro code   0x800'5d5c     0x4  startup_stm32l475xx.o [1]
  .text              ro code   0x800'5d60     0x4  startup_stm32l475xx.o [1]
  .text              ro code   0x800'5d64     0x4  startup_stm32l475xx.o [1]
  .text              ro code   0x800'5d68     0x4  startup_stm32l475xx.o [1]
  .text              ro code   0x800'5d6c     0x4  startup_stm32l475xx.o [1]
  .text              ro code   0x800'5d70     0x4  startup_stm32l475xx.o [1]
  .text              ro code   0x800'5d74     0x4  startup_stm32l475xx.o [1]
  .text              ro code   0x800'5d78     0x4  startup_stm32l475xx.o [1]
  .rodata            const     0x800'5d7c     0x0  zero_init3.o [4]
  .rodata            const     0x800'5d7c     0x0  lz77_init_single.o [4]
  Initializer bytes  const     0x800'5d7c    0x9d  <for P2-P3-1>
                             - 0x800'5e19  0x5c91

"P2-P3", part 1 of 3:                       0x168
  P2-P3-1                     0x2000'0000   0x168  <Init block>
    .data            inited   0x2000'0000     0xc  hts221.o [1]
    .data            inited   0x2000'000c    0x10  hts221.o [1]
    .data            inited   0x2000'001c     0xc  lps22hb.o [1]
    .data            inited   0x2000'0028    0x34  lsm6dsl.o [1]
    .data            inited   0x2000'005c    0x34  lsm6dsl.o [1]
    .data            inited   0x2000'0090     0xc  stm32l4xx_hal.o [1]
    .data            inited   0x2000'009c     0x4  system_stm32l4xx.o [1]
    .data            inited   0x2000'00a0    0x38  xlocale_c.o [2]
    .data            inited   0x2000'00d8    0x48  xlocale_c.o [2]
    .data            inited   0x2000'0120    0x48  xfiles.o [2]
                            - 0x2000'0168   0x168

"P2-P3", part 2 of 3:                       0x770
  .bss               zero     0x2000'0168   0x614  main.o [1]
  .bss               zero     0x2000'077c    0x80  main.o [1]
  .bss               zero     0x2000'07fc    0x50  xfiles.o [2]
  .bss               zero     0x2000'084c    0x4c  stm32l475e_iot01.o [1]
  .bss               zero     0x2000'0898    0x24  stm32l4xx_hal_dfsdm.o [1]
  .bss               zero     0x2000'08bc     0x4  stm32l475e_iot01_accelero.o [1]
  .bss               zero     0x2000'08c0     0x4  stm32l475e_iot01_gyro.o [1]
  .bss               zero     0x2000'08c4     0x4  stm32l475e_iot01_hsensor.o [1]
  .bss               zero     0x2000'08c8     0x4  stm32l475e_iot01_psensor.o [1]
  .bss               zero     0x2000'08cc     0x4  stm32l475e_iot01_tsensor.o [1]
  .bss               zero     0x2000'08d0     0x4  stm32l4xx_hal_msp.o [1]
  .bss               zero     0x2000'08d4     0x4  xfail_s.o [2]
                            - 0x2000'08d8   0x770

"P2-P3", part 3 of 3:                       0x400
  CSTACK                      0x2000'08d8   0x400  <Block>
    CSTACK           uninit   0x2000'08d8   0x400  <Block tail>
                            - 0x2000'0cd8   0x400

Unused ranges:

         From           To      Size
         ----           --      ----
   0x800'5e19   0x80f'ffff  0xf'a1e7
  0x2000'0cd8  0x2001'7fff  0x1'7328


*******************************************************************************
*** INIT TABLE
***

          Address      Size
          -------      ----
Zero (__iar_zero_init3)
    1 destination range, total size 0x770:
          0x2000'0168  0x770

Copy/lz77 (__iar_lz77_init_single3)
    1 source range, total size 0x9d (43% of destination):
           0x800'5d7c   0x9d
    1 destination range, total size 0x168:
          0x2000'0000  0x168



*******************************************************************************
*** MODULE SUMMARY
***

    Module                       ro code  ro data  rw data
    ------                       -------  -------  -------
command line/config:
    ------------------------------------------------------
    Total:

D:\Programmation\STM32\L475E-IOT01A2\Codes\DataDisplay\Sensors\EWARM\Sensors\Obj: [1]
    hts221.o                         456       12       28
    lps22hb.o                        168        5       12
    lsm6dsl.o                        496       45      104
    main.o                         1'652             1'684
    startup_stm32l475xx.o            716
    stm32l475e_iot01.o               364                76
    stm32l475e_iot01_accelero.o       60                 4
    stm32l475e_iot01_gyro.o           56                 4
    stm32l475e_iot01_hsensor.o        52                 4
    stm32l475e_iot01_psensor.o        52                 4
    stm32l475e_iot01_tsensor.o        44                 4
    stm32l4xx_hal.o                  166        6       12
    stm32l4xx_hal_cortex.o           196
    stm32l4xx_hal_dfsdm.o            340                36
    stm32l4xx_hal_gpio.o             778
    stm32l4xx_hal_i2c.o            1'424
    stm32l4xx_hal_i2c_ex.o           126
    stm32l4xx_hal_msp.o              828                 4
    stm32l4xx_hal_pcd.o              220
    stm32l4xx_hal_pcd_ex.o            38
    stm32l4xx_hal_pwr.o               16
    stm32l4xx_hal_pwr_ex.o           152
    stm32l4xx_hal_qspi.o             246
    stm32l4xx_hal_rcc.o            1'772
    stm32l4xx_hal_rcc_ex.o         1'360
    stm32l4xx_hal_spi.o              174
    stm32l4xx_hal_tim.o            1'568
    stm32l4xx_hal_tim_ex.o           234
    stm32l4xx_hal_uart.o           1'434
    stm32l4xx_it.o                   110
    stm32l4xx_ll_usb.o               632
    system_stm32l4xx.o                92       57        4
    ------------------------------------------------------
    Total:                        16'022      125    1'980

dl7M_tlf.a: [2]
    abort.o                            6
    exit.o                             4
    low_level_init.o                   4
    printf.o                          40
    putchar.o                         12
    xencoding_8859_1.o                30
    xfail_s.o                         64                 4
    xfiles.o                                   32      152
    xlocale_c.o                      124       61      128
    xmbcurmax.o                       10
    xprintffull.o                  4'294
    xprout.o                          22
    ------------------------------------------------------
    Total:                         4'610       93      284

m7M_tls.a: [3]
    DblAdd.o                         362
    DblCmpGe.o                        46
    DblCmpLe.o                        46
    DblDiv.o                         582
    DblMul.o                         418
    DblSub.o                         226
    DblToS32.o                        58
    DblToU32.o                        40
    FltToDbl.o                        72
    S32ToDbl.o                        34
    U32ToDbl.o                        26
    fpinit_M.o                        34
    frexp.o                          112
    ldexp.o                          314
    ------------------------------------------------------
    Total:                         2'370

rt7M_tl.a: [4]
    ABImemclr4.o                       6
    ABImemcpy_small.o                 24
    ABImemset48.o                     50
    I64DivMod_small.o                262
    I64DivZer.o                        2
    cexit.o                           10
    cmain.o                           30
    cstartup_M.o                      12
    data_init.o                       40
    lz77_init_single.o               120
    memchr.o                          88
    strchr.o                          22
    strlen.o                          54
    zero_init3.o                      58
    ------------------------------------------------------
    Total:                           778

shb_l.a: [5]
    exit.o                            20
    ------------------------------------------------------
    Total:                            20

    Gaps                              37        2
    Linker created                             32    1'024
----------------------------------------------------------
    Grand Total:                  23'837      252    3'288


*******************************************************************************
*** ENTRY LIST
***

Entry                       Address   Size  Type      Object
-----                       -------   ----  ----      ------
.iar.init_table$$Base    0x800'5bb0          --   Gb  - Linker created -
.iar.init_table$$Limit   0x800'5bd0          --   Gb  - Linker created -
?main                    0x800'5bd1         Code  Gb  cmain.o [4]
AHBPrescTable            0x800'5b24   0x10  Data  Gb  system_stm32l4xx.o [1]
APBPrescTable            0x800'5c40    0x8  Data  Gb  system_stm32l4xx.o [1]
Accelero                0x2000'075c    0x8  Data  Gb  main.o [1]
AccelerometerDrv        0x2000'08bc    0x4  Data  Lc  stm32l475e_iot01_accelero.o [1]
BSP_ACCELERO_AccGetXYZ   0x800'4247   0x10  Code  Gb  stm32l475e_iot01_accelero.o [1]
BSP_ACCELERO_Init        0x800'4225   0x22  Code  Gb  stm32l475e_iot01_accelero.o [1]
BSP_GYRO_GetXYZ          0x800'420d   0x10  Code  Gb  stm32l475e_iot01_gyro.o [1]
BSP_GYRO_Init            0x800'41ed   0x20  Code  Gb  stm32l475e_iot01_gyro.o [1]
BSP_HSENSOR_Init         0x800'4159   0x20  Code  Gb  stm32l475e_iot01_hsensor.o [1]
BSP_HSENSOR_ReadHumidity
                         0x800'4179    0xa  Code  Gb  stm32l475e_iot01_hsensor.o [1]
BSP_PSENSOR_Init         0x800'418d   0x20  Code  Gb  stm32l475e_iot01_psensor.o [1]
BSP_PSENSOR_ReadPressure
                         0x800'41ad    0xa  Code  Gb  stm32l475e_iot01_psensor.o [1]
BSP_TSENSOR_Init         0x800'41c1   0x1a  Code  Gb  stm32l475e_iot01_tsensor.o [1]
BSP_TSENSOR_ReadTemp     0x800'41db    0xa  Code  Gb  stm32l475e_iot01_tsensor.o [1]
BusFault_Handler         0x800'5a5f    0x2  Code  Gb  stm32l4xx_it.o [1]
CSTACK$$Base            0x2000'08d8          --   Gb  - Linker created -
CSTACK$$Limit           0x2000'0cd8          --   Gb  - Linker created -
CacheMore                0x800'128d   0x28  Code  Lc  xlocale_c.o [2]
DFSDM1_Init             0x2000'08d0    0x4  Data  Lc  stm32l4xx_hal_msp.o [1]
DFSDM_GetChannelFromInstance
                         0x800'3161   0x4a  Code  Lc  stm32l4xx_hal_dfsdm.o [1]
DebugMon_Handler         0x800'5a65    0x2  Code  Gb  stm32l4xx_it.o [1]
EXTI15_10_IRQHandler     0x800'5a99   0x2e  Code  Gb  stm32l4xx_it.o [1]
EXTI9_5_IRQHandler       0x800'5a6d   0x20  Code  Gb  stm32l4xx_it.o [1]
Gyro                    0x2000'0764    0xc  Data  Gb  main.o [1]
GyroscopeDrv            0x2000'08c0    0x4  Data  Lc  stm32l475e_iot01_gyro.o [1]
HAL_DFSDM_ChannelInit    0x800'3079   0xd8  Code  Gb  stm32l4xx_hal_dfsdm.o [1]
HAL_DFSDM_ChannelMspInit
                         0x800'4e23   0x3e  Code  Gb  stm32l4xx_hal_msp.o [1]
HAL_Delay                0x800'42d1   0x28  Code  Wk  stm32l4xx_hal.o [1]
HAL_GPIO_DeInit          0x800'2f31  0x100  Code  Gb  stm32l4xx_hal_gpio.o [1]
HAL_GPIO_EXTI_IRQHandler
                         0x800'303b   0x10  Code  Gb  stm32l4xx_hal_gpio.o [1]
HAL_GPIO_Init            0x800'2d6d  0x1c4  Code  Gb  stm32l4xx_hal_gpio.o [1]
HAL_GPIO_WritePin        0x800'3031    0xa  Code  Gb  stm32l4xx_hal_gpio.o [1]
HAL_GetTick              0x800'2569    0xc  Code  Wk  stm32l4xx_hal.o [1]
HAL_I2CEx_ConfigAnalogFilter
                         0x800'375d   0x2a  Code  Gb  stm32l4xx_hal_i2c_ex.o [1]
HAL_I2CEx_ConfigDigitalFilter
                         0x800'3787   0x26  Code  Gb  stm32l4xx_hal_i2c_ex.o [1]
HAL_I2C_DeInit           0x800'326d   0x26  Code  Gb  stm32l4xx_hal_i2c.o [1]
HAL_I2C_Init             0x800'31cd   0xa0  Code  Gb  stm32l4xx_hal_i2c.o [1]
HAL_I2C_Mem_Read         0x800'33db   0xdc  Code  Gb  stm32l4xx_hal_i2c.o [1]
HAL_I2C_Mem_Write        0x800'32d7   0xae  Code  Gb  stm32l4xx_hal_i2c.o [1]
HAL_I2C_MspDeInit        0x800'4eb5   0x1e  Code  Gb  stm32l4xx_hal_msp.o [1]
HAL_I2C_MspInit          0x800'4e61   0x54  Code  Gb  stm32l4xx_hal_msp.o [1]
HAL_IncTick              0x800'5ac9   0x10  Code  Wk  stm32l4xx_hal.o [1]
HAL_Init                 0x800'2d45   0x1e  Code  Gb  stm32l4xx_hal.o [1]
HAL_InitTick             0x800'2525   0x44  Code  Wk  stm32l4xx_hal.o [1]
HAL_MspInit              0x800'4df5   0x2e  Code  Gb  stm32l4xx_hal_msp.o [1]
HAL_NVIC_EnableIRQ       0x800'267b   0x16  Code  Gb  stm32l4xx_hal_cortex.o [1]
HAL_NVIC_SetPriority     0x800'2641   0x3a  Code  Gb  stm32l4xx_hal_cortex.o [1]
HAL_NVIC_SetPriorityGrouping
                         0x800'2627   0x1a  Code  Gb  stm32l4xx_hal_cortex.o [1]
HAL_PCDEx_ActivateLPM    0x800'53dd   0x26  Code  Gb  stm32l4xx_hal_pcd_ex.o [1]
HAL_PCD_Init             0x800'3985   0xc4  Code  Gb  stm32l4xx_hal_pcd.o [1]
HAL_PCD_MspInit          0x800'505b   0x88  Code  Gb  stm32l4xx_hal_msp.o [1]
HAL_PWREx_ControlVoltageScaling
                         0x800'2581   0x5c  Code  Gb  stm32l4xx_hal_pwr_ex.o [1]
HAL_PWREx_EnableVddUSB   0x800'25dd    0x6  Code  Gb  stm32l4xx_hal_pwr_ex.o [1]
HAL_PWREx_GetVoltageRange
                         0x800'2575    0xc  Code  Gb  stm32l4xx_hal_pwr_ex.o [1]
HAL_PWR_EnableBkUpAccess
                         0x800'4895    0xc  Code  Gb  stm32l4xx_hal_pwr.o [1]
HAL_QSPI_Init            0x800'37dd   0x96  Code  Gb  stm32l4xx_hal_qspi.o [1]
HAL_QSPI_MspInit         0x800'4ed3   0x38  Code  Gb  stm32l4xx_hal_msp.o [1]
HAL_RCCEx_EnableMSIPLLMode
                         0x800'4bdd    0xc  Code  Gb  stm32l4xx_hal_rcc_ex.o [1]
HAL_RCCEx_PeriphCLKConfig
                         0x800'48a5  0x31e  Code  Gb  stm32l4xx_hal_rcc_ex.o [1]
HAL_RCC_ClockConfig      0x800'22a3  0x100  Code  Gb  stm32l4xx_hal_rcc.o [1]
HAL_RCC_GetPCLK1Freq     0x800'2449   0x10  Code  Gb  stm32l4xx_hal_rcc.o [1]
HAL_RCC_GetPCLK2Freq     0x800'2459    0xe  Code  Gb  stm32l4xx_hal_rcc.o [1]
HAL_RCC_GetSysClockFreq
                         0x800'23b7   0x92  Code  Gb  stm32l4xx_hal_rcc.o [1]
HAL_RCC_OscConfig        0x800'1e39  0x43e  Code  Gb  stm32l4xx_hal_rcc.o [1]
HAL_SPI_Init             0x800'38d5   0xa2  Code  Gb  stm32l4xx_hal_spi.o [1]
HAL_SPI_MspInit          0x800'4f45   0x52  Code  Gb  stm32l4xx_hal_msp.o [1]
HAL_SYSTICK_Config       0x800'2691   0x28  Code  Gb  stm32l4xx_hal_cortex.o [1]
HAL_TIMEx_Break2Callback
                         0x800'540d    0x2  Code  Wk  stm32l4xx_hal_tim_ex.o [1]
HAL_TIMEx_BreakCallback
                         0x800'540b    0x2  Code  Wk  stm32l4xx_hal_tim_ex.o [1]
HAL_TIMEx_CommutCallback
                         0x800'5411    0x2  Code  Wk  stm32l4xx_hal_tim_ex.o [1]
HAL_TIMEx_MasterConfigSynchronization
                         0x800'4081   0x7a  Code  Gb  stm32l4xx_hal_tim_ex.o [1]
HAL_TIMEx_RemapConfig    0x800'40fb   0x44  Code  Gb  stm32l4xx_hal_tim_ex.o [1]
HAL_TIM_Base_Init        0x800'3a61   0x1a  Code  Gb  stm32l4xx_hal_tim.o [1]
HAL_TIM_Base_MspInit     0x800'4f97   0x34  Code  Gb  stm32l4xx_hal_msp.o [1]
HAL_TIM_ConfigClockSource
                         0x800'3d43   0x90  Code  Gb  stm32l4xx_hal_tim.o [1]
HAL_TIM_IC_ConfigChannel
                         0x800'3c1b   0xf4  Code  Gb  stm32l4xx_hal_tim.o [1]
HAL_TIM_IC_Init          0x800'3a8f   0x1a  Code  Gb  stm32l4xx_hal_tim.o [1]
HAL_TIM_IRQHandler       0x800'3ab9  0x15c  Code  Gb  stm32l4xx_hal_tim.o [1]
HAL_TIM_SlaveConfigSynchro
                         0x800'3de5   0x1e  Code  Gb  stm32l4xx_hal_tim.o [1]
HAL_UART_Init            0x800'42f9   0x30  Code  Gb  stm32l4xx_hal_uart.o [1]
HAL_UART_MspInit         0x800'4fcb   0x90  Code  Gb  stm32l4xx_hal_msp.o [1]
HAL_UART_Transmit        0x800'4379   0xb8  Code  Gb  stm32l4xx_hal_uart.o [1]
HTS221_H_Drv            0x2000'0000    0xc  Data  Gb  hts221.o [1]
HTS221_H_Init            0x800'5771    0x4  Code  Gb  hts221.o [1]
HTS221_H_ReadHumidity    0x800'5789   0xce  Code  Gb  hts221.o [1]
HTS221_H_ReadID          0x800'5775   0x14  Code  Gb  hts221.o [1]
HTS221_T_Drv            0x2000'000c   0x10  Data  Gb  hts221.o [1]
HTS221_T_Init            0x800'5865    0x2  Code  Gb  hts221.o [1]
HTS221_T_ReadTemp        0x800'5885   0xa6  Code  Gb  hts221.o [1]
HardFault_Handler        0x800'5a5b    0x2  Code  Gb  stm32l4xx_it.o [1]
Hsensor_drv             0x2000'08c4    0x4  Data  Lc  stm32l475e_iot01_hsensor.o [1]
Humidity                0x2000'0770    0x4  Data  Gb  main.o [1]
I2C_Flush_TXDR           0x800'35db   0x1c  Code  Lc  stm32l4xx_hal_i2c.o [1]
I2C_IsAcknowledgeFailed
                         0x800'36c1   0x6c  Code  Lc  stm32l4xx_hal_i2c.o [1]
I2C_RequestMemoryRead    0x800'3577   0x34  Code  Lc  stm32l4xx_hal_i2c.o [1]
I2C_RequestMemoryWrite   0x800'3541   0x36  Code  Lc  stm32l4xx_hal_i2c.o [1]
I2C_TransferConfig       0x800'372d   0x22  Code  Lc  stm32l4xx_hal_i2c.o [1]
I2C_WaitOnFlagUntilTimeout
                         0x800'35f7   0x42  Code  Lc  stm32l4xx_hal_i2c.o [1]
I2C_WaitOnSTOPFlagUntilTimeout
                         0x800'3689   0x30  Code  Lc  stm32l4xx_hal_i2c.o [1]
I2C_WaitOnTXISFlagUntilTimeout
                         0x800'3639   0x38  Code  Lc  stm32l4xx_hal_i2c.o [1]
I2Cx_Error               0x800'5503   0x10  Code  Lc  stm32l475e_iot01.o [1]
I2Cx_Init                0x800'5415   0xae  Code  Lc  stm32l475e_iot01.o [1]
I2Cx_ReadMultiple        0x800'54c3    0xc  Code  Lc  stm32l475e_iot01.o [1]
I2Cx_WriteMultiple       0x800'54cf    0xa  Code  Lc  stm32l475e_iot01.o [1]
LPS22HB_Init             0x800'59ad   0x34  Code  Lc  lps22hb.o [1]
LPS22HB_P_Drv           0x2000'001c    0xc  Data  Gb  lps22hb.o [1]
LPS22HB_P_Init           0x800'5939    0x2  Code  Gb  lps22hb.o [1]
LPS22HB_P_ReadID         0x800'593b   0x14  Code  Gb  lps22hb.o [1]
LPS22HB_P_ReadPressure   0x800'5951   0x56  Code  Gb  lps22hb.o [1]
LSM6DSL_AccDeInit        0x800'5595   0x12  Code  Gb  lsm6dsl.o [1]
LSM6DSL_AccInit          0x800'5581   0x14  Code  Gb  lsm6dsl.o [1]
LSM6DSL_AccLowPower      0x800'55ab   0x1e  Code  Gb  lsm6dsl.o [1]
LSM6DSL_AccReadID        0x800'55a7    0x4  Code  Gb  lsm6dsl.o [1]
LSM6DSL_AccReadXYZ       0x800'55c9   0x62  Code  Gb  lsm6dsl.o [1]
LSM6DSL_GyroDeInit       0x800'565f   0x14  Code  Gb  lsm6dsl.o [1]
LSM6DSL_GyroInit         0x800'562b   0x14  Code  Gb  lsm6dsl.o [1]
LSM6DSL_GyroLowPower     0x800'5685   0x1e  Code  Gb  lsm6dsl.o [1]
LSM6DSL_GyroReadID       0x800'5673    0x2  Code  Gb  lsm6dsl.o [1]
LSM6DSL_GyroReadXYZAngRate
                         0x800'56a5   0x60  Code  Gb  lsm6dsl.o [1]
Lsm6dslAccDrv           0x2000'0028   0x34  Data  Gb  lsm6dsl.o [1]
Lsm6dslGyroDrv          0x2000'005c   0x34  Data  Gb  lsm6dsl.o [1]
MSIRangeTable            0x800'5b34   0x30  Data  Gb  system_stm32l4xx.o [1]
MemManage_Handler        0x800'5a5d    0x2  Code  Gb  stm32l4xx_it.o [1]
NMI_Handler              0x800'5a59    0x2  Code  Gb  stm32l4xx_it.o [1]
PendSV_Handler           0x800'5a67    0x2  Code  Gb  stm32l4xx_it.o [1]
Pressure                0x2000'0774    0x4  Data  Gb  main.o [1]
Psensor_drv             0x2000'08c8    0x4  Data  Lc  stm32l475e_iot01_psensor.o [1]
QSPI_WaitFlagStateUntilTimeout
                         0x800'3889   0x4a  Code  Lc  stm32l4xx_hal_qspi.o [1]
RCCEx_PLLSAI1_Config     0x800'4be9   0xe6  Code  Lc  stm32l4xx_hal_rcc_ex.o [1]
RCCEx_PLLSAI2_Config     0x800'4cd5   0xce  Code  Lc  stm32l4xx_hal_rcc_ex.o [1]
RCC_SetFlashLatencyFromMSIRange
                         0x800'2471   0x74  Code  Lc  stm32l4xx_hal_rcc.o [1]
Region$$Table$$Base      0x800'5bb0          --   Gb  - Linker created -
Region$$Table$$Limit     0x800'5bd0          --   Gb  - Linker created -
SENSOR_IO_Init           0x800'5513    0x4  Code  Gb  stm32l475e_iot01.o [1]
SENSOR_IO_Read           0x800'552f   0x22  Code  Gb  stm32l475e_iot01.o [1]
SENSOR_IO_ReadMultiple   0x800'5551    0xc  Code  Gb  stm32l475e_iot01.o [1]
SENSOR_IO_Write          0x800'5517   0x18  Code  Gb  stm32l475e_iot01.o [1]
SVC_Handler              0x800'5a63    0x2  Code  Gb  stm32l4xx_it.o [1]
SysTick_Handler          0x800'5a69    0x4  Code  Gb  stm32l4xx_it.o [1]
SystemClock_Config       0x800'2beb   0xb2  Code  Gb  main.o [1]
SystemCoreClock         0x2000'009c    0x4  Data  Gb  system_stm32l4xx.o [1]
SystemInit               0x800'5ad9   0x3c  Code  Gb  system_stm32l4xx.o [1]
TIM1_CC_IRQHandler       0x800'5a8d    0x6  Code  Gb  stm32l4xx_it.o [1]
TIM_Base_SetConfig       0x800'3e3d   0xac  Code  Gb  stm32l4xx_hal_tim.o [1]
TIM_ETR_SetConfig        0x800'405b   0x14  Code  Gb  stm32l4xx_hal_tim.o [1]
TIM_ITRx_SetConfig       0x800'404b   0x10  Code  Lc  stm32l4xx_hal_tim.o [1]
TIM_SlaveTimer_SetConfig
                         0x800'3ee9   0x72  Code  Lc  stm32l4xx_hal_tim.o [1]
TIM_TI1_ConfigInputStage
                         0x800'3fdd   0x1e  Code  Lc  stm32l4xx_hal_tim.o [1]
TIM_TI1_SetConfig        0x800'3f5b   0x56  Code  Gb  stm32l4xx_hal_tim.o [1]
TIM_TI2_ConfigInputStage
                         0x800'4027   0x24  Code  Lc  stm32l4xx_hal_tim.o [1]
TIM_TI2_SetConfig        0x800'3ffb   0x2c  Code  Lc  stm32l4xx_hal_tim.o [1]
Temperature             0x2000'0778    0x4  Data  Gb  main.o [1]
UART_AdvFeatureConfig    0x800'46e5   0xc6  Code  Gb  stm32l4xx_hal_uart.o [1]
UART_CheckIdleState      0x800'47ab   0x5a  Code  Gb  stm32l4xx_hal_uart.o [1]
UART_SetConfig           0x800'4431  0x276  Code  Gb  stm32l4xx_hal_uart.o [1]
UART_WaitOnFlagUntilTimeout
                         0x800'4805   0x78  Code  Gb  stm32l4xx_hal_uart.o [1]
USB_CoreInit             0x800'5165   0x62  Code  Gb  stm32l4xx_ll_usb.o [1]
USB_CoreReset            0x800'53a5   0x2a  Code  Lc  stm32l4xx_ll_usb.o [1]
USB_DevDisconnect        0x800'538d    0xc  Code  Gb  stm32l4xx_ll_usb.o [1]
USB_DevInit              0x800'51fb  0x14a  Code  Gb  stm32l4xx_ll_usb.o [1]
USB_DisableGlobalInt     0x800'51c7    0x6  Code  Gb  stm32l4xx_ll_usb.o [1]
USB_FlushRxFifo          0x800'5363   0x1a  Code  Gb  stm32l4xx_ll_usb.o [1]
USB_FlushTxFifo          0x800'5345   0x1e  Code  Gb  stm32l4xx_ll_usb.o [1]
USB_SetCurrentMode       0x800'51d3   0x28  Code  Gb  stm32l4xx_ll_usb.o [1]
USB_SetDevSpeed          0x800'537d    0xa  Code  Gb  stm32l4xx_ll_usb.o [1]
UsageFault_Handler       0x800'5a61    0x2  Code  Gb  stm32l4xx_it.o [1]
_Encoding_8859_1_Mbrlen
                         0x800'132d    0x2  Code  Gb  xencoding_8859_1.o [2]
_Encoding_8859_1_Wctomb
                         0x800'131b   0x12  Code  Gb  xencoding_8859_1.o [2]
_LitobFull               0x800'109b  0x10a  Code  Lc  xprintffull.o [2]
_Locale_lconv           0x2000'00a0   0x38  Data  Lc  xlocale_c.o [2]
_PrintfFull              0x800'0189  0xcc4  Code  Gb  xprintffull.o [2]
_Prout                   0x800'5c03   0x16  Code  Gb  xprout.o [2]
_PutcharsFull            0x800'120d   0x2e  Code  Lc  xprintffull.o [2]
_PutstrFull              0x800'0fdb   0xc0  Code  Lc  xprintffull.o [2]
_PuttxtFull              0x800'0ecf  0x10c  Code  Lc  xprintffull.o [2]
__NVIC_SetPriority       0x800'260d   0x1a  Code  Lc  stm32l4xx_hal_cortex.o [1]
__aeabi_cdcmple          0x800'1491         Code  Gb  DblCmpLe.o [3]
__aeabi_cdrcmple         0x800'14c1         Code  Gb  DblCmpGe.o [3]
__aeabi_d2iz             0x800'162d         Code  Gb  DblToS32.o [3]
__aeabi_d2uiz            0x800'19b9         Code  Gb  DblToU32.o [3]
__aeabi_ddiv             0x800'1771         Code  Gb  DblDiv.o [3]
__aeabi_dmul             0x800'19fd         Code  Gb  DblMul.o [3]
__aeabi_dsub             0x800'168d         Code  Gb  DblSub.o [3]
__aeabi_f2d              0x800'4261         Code  Gb  FltToDbl.o [3]
__aeabi_i2d              0x800'1669         Code  Gb  S32ToDbl.o [3]
__aeabi_ldiv0            0x800'1e21         Code  Gb  I64DivZer.o [4]
__aeabi_memclr4          0x800'2d65         Code  Gb  ABImemclr4.o [4]
__aeabi_ui2d             0x800'19e1         Code  Gb  U32ToDbl.o [3]
__cmain                  0x800'5bd1         Code  Gb  cmain.o [4]
__exit                   0x800'1e25   0x14  Code  Gb  exit.o [5]
__iar_Fail_s             0x800'1339   0x1c  Code  Gb  xfail_s.o [2]
__iar_Mbcurmax           0x800'1b9f    0xa  Code  Gb  xmbcurmax.o [2]
__iar_Memchr             0x800'13b1         Code  Gb  memchr.o [4]
__iar_Memset4_word       0x800'5131         Code  Gb  ABImemset48.o [4]
__iar_Memset8_word       0x800'5131         Code  Gb  ABImemset48.o [4]
__iar_Stdout            0x2000'0120   0x48  Data  Gb  xfiles.o [2]
__iar_Strchr             0x800'1305         Code  Gb  strchr.o [4]
__iar_dadd               0x800'169d         Code  Gb  DblSub.o [3]
__iar_data_init3         0x800'5b65   0x28  Code  Gb  data_init.o [4]
__iar_dsub               0x800'1cb5         Code  Gb  DblAdd.o [3]
__iar_dsubStart          0x800'1cc7         Code  Gb  DblAdd.o [3]
__iar_frexp              0x800'142d         Code  Gb  frexp.o [3]
__iar_frexpl             0x800'142d         Code  Gb  frexp.o [3]
__iar_globLocale        0x2000'00d8   0x48  Data  Lc  xlocale_c.o [2]
__iar_global_Locale      0x800'1289    0x4  Code  Gb  xlocale_c.o [2]
__iar_init_vfp           0x800'5b8d         Code  Gb  fpinit_M.o [3]
__iar_ldexp64            0x800'14f1         Code  Gb  ldexp.o [3]
__iar_lz77_init_single3
                         0x800'59e1   0x78  Code  Gb  lz77_init_single.o [4]
__iar_program_start      0x800'5c35         Code  Gb  cstartup_M.o [4]
__iar_scalbln64          0x800'14f1         Code  Gb  ldexp.o [3]
__iar_scalbn64           0x800'14f1         Code  Gb  ldexp.o [3]
__iar_small_Memcpy       0x800'140d         Code  Gb  ABImemcpy_small.o [4]
__iar_small_memcpy       0x800'1409         Code  Gb  ABImemcpy_small.o [4]
__iar_small_memcpy4      0x800'1409         Code  Gb  ABImemcpy_small.o [4]
__iar_small_memcpy8      0x800'1409         Code  Gb  ABImemcpy_small.o [4]
__iar_small_uldivmod     0x800'1ba9         Code  Gb  I64DivMod_small.o [4]
__iar_softfp___iar_frexp64
                         0x800'1421         Code  Gb  frexp.o [3]
__iar_softfp_frexp       0x800'1421         Code  Gb  frexp.o [3]
__iar_softfp_frexpl      0x800'1421         Code  Gb  frexp.o [3]
__iar_zero_init3         0x800'124f   0x3a  Code  Gb  zero_init3.o [4]
__low_level_init         0x800'5bef    0x4  Code  Gb  low_level_init.o [2]
__vector_table           0x800'0000         Data  Gb  startup_stm32l475xx.o [1]
_call_main               0x800'5bdd         Code  Gb  cmain.o [4]
_exit                    0x800'5bf9         Code  Gb  cexit.o [4]
_gLocale_mblen           0x800'12f1    0x4  Code  Gb  xlocale_c.o [2]
_gLocale_mblenInt        0x800'12b5   0x2c  Code  Gb  xlocale_c.o [2]
_gLocale_wctomb          0x800'12f5    0x4  Code  Gb  xlocale_c.o [2]
_gLocale_wctombInt       0x800'12ed    0x4  Code  Gb  xlocale_c.o [2]
_main                    0x800'5beb         Code  Gb  cmain.o [4]
a_dfsdm1ChannelHandle   0x2000'089c   0x20  Data  Lc  stm32l4xx_hal_dfsdm.o [1]
abort                    0x800'1caf    0x6  Code  Gb  abort.o [2]
exit                     0x800'5bf3    0x4  Code  Gb  exit.o [2]
fputc                    0x800'2c9d   0x14  Code  Gb  main.o [1]
hI2cHandler             0x2000'084c   0x4c  Data  Gb  stm32l475e_iot01.o [1]
hdfsdm1_channel1        0x2000'0168   0x38  Data  Gb  main.o [1]
hi2c2                   0x2000'068c   0x4c  Data  Gb  main.o [1]
hpcd_USB_OTG_FS         0x2000'0204  0x408  Data  Gb  main.o [1]
hqspi                   0x2000'06d8   0x44  Data  Gb  main.o [1]
hspi3                   0x2000'01a0   0x64  Data  Gb  main.o [1]
htim1                   0x2000'071c   0x40  Data  Gb  main.o [1]
huart1                  0x2000'077c   0x80  Data  Gb  main.o [1]
huart3                  0x2000'060c   0x80  Data  Gb  main.o [1]
ldexp                    0x800'14f1         Code  Gb  ldexp.o [3]
ldexpl                   0x800'14f1         Code  Gb  ldexp.o [3]
localeconv               0x800'12f9    0x4  Code  Gb  xlocale_c.o [2]
main                     0x800'26d1  0x4ae  Code  Gb  main.o [1]
memchr                   0x800'13b1         Code  Gb  memchr.o [4]
obuf                    0x2000'07fc   0x50  Data  Lc  xfiles.o [2]
printf                   0x800'42a9   0x28  Code  Gb  printf.o [2]
putchar                  0x800'5c19    0xc  Code  Gb  putchar.o [2]
scalbln                  0x800'14f1         Code  Gb  ldexp.o [3]
scalblnl                 0x800'14f1         Code  Gb  ldexp.o [3]
scalbn                   0x800'14f1         Code  Gb  ldexp.o [3]
scalbnl                  0x800'14f1         Code  Gb  ldexp.o [3]
scale                    0x800'11a5   0x46  Code  Lc  xprintffull.o [2]
sec_hand                0x2000'08d4    0x4  Data  Lc  xfail_s.o [2]
strchr                   0x800'1305         Code  Gb  strchr.o [4]
strlen                   0x800'1379         Code  Gb  strlen.o [4]
tsensor_drv             0x2000'08cc    0x4  Data  Lc  stm32l475e_iot01_tsensor.o [1]
uwTick                  0x2000'0090    0x4  Data  Gb  stm32l4xx_hal.o [1]
uwTickFreq              0x2000'0098    0x4  Data  Gb  stm32l4xx_hal.o [1]
uwTickPrio              0x2000'0094    0x4  Data  Gb  stm32l4xx_hal.o [1]
v_dfsdm1ChannelCounter  0x2000'0898    0x4  Data  Lc  stm32l4xx_hal_dfsdm.o [1]


[1] = D:\Programmation\STM32\L475E-IOT01A2\Codes\DataDisplay\Sensors\EWARM\Sensors\Obj
[2] = dl7M_tlf.a
[3] = m7M_tls.a
[4] = rt7M_tl.a
[5] = shb_l.a

  23'837 bytes of readonly  code memory
     252 bytes of readonly  data memory
   3'288 bytes of readwrite data memory

Errors: none
Warnings: none
